Microchip MPLAB XC8 Compiler V2.32

Linker command line:

-W-3 --edf=D:\Programs\Microchip\xc8\v2.32\pic\dat\en_msgs.txt -cn \
  -h+dist/default/production\Senior_Design.X.production.sym \
  --cmf=dist/default/production\Senior_Design.X.production.cmf -z \
  -Q18F16Q41 -oC:\Users\Chris\AppData\Local\Temp\xcAsvgc.4 \
  --defsym=__MPLAB_BUILD=1 \
  -Mdist/default/production/Senior_Design.X.production.map -E1 \
  -ver=XC8 Compiler --acfsm=1493 -ASTACK=0580h-015FFh -pstack=STACK \
  -ACODE=00h-0FFFFh -ACONST=00h-0FFFFh -ASMALLCONST=01600h-016FFhx234 \
  -AMEDIUMCONST=01600h-0FFFFh -ACOMRAM=0501h-055Fh -AABS1=0500h-015FFh \
  -ABIGRAM=0501h-015FFh -ARAM=0560h-05FFh,0600h-06FFhx16 \
  -ABANK5=0560h-05FFh -ABANK6=0600h-06FFh -ABANK7=0700h-07FFh \
  -ABANK8=0800h-08FFh -ABANK9=0900h-09FFh -ABANK10=0A00h-0AFFh \
  -ABANK11=0B00h-0BFFh -ABANK12=0C00h-0CFFh -ABANK13=0D00h-0DFFh \
  -ABANK14=0E00h-0EFFh -ABANK15=0F00h-0FFFh -ABANK16=01000h-010FFh \
  -ABANK17=01100h-011FFh -ABANK18=01200h-012FFh -ABANK19=01300h-013FFh \
  -ABANK20=01400h-014FFh -ABANK21=01500h-015FFh \
  -ASFR=00h-0FFhx4,0400h-045Fh,0460h-04FFh -ACONFIG=0300000h-0300011h \
  -AIDLOC=0200000h-020001Fh -AEEDATA=0380000h-03801FFh -peeprom_data=EEDATA \
  -preset_vec=00h -ppowerup=CODE,init -pramtop=01600h \
  -psmallconst=SMALLCONST -pmediumconst=MEDIUMCONST -pconst=CONST \
  -AFARRAM=00h-00h \
  -prdata=COMRAM,nvrram=COMRAM,nvbit=COMRAM,rbss=COMRAM,rbit=COMRAM \
  -pfarbss=FARRAM,fardata=FARRAM,nvFARRAM=FARRAM \
  -pintsave_regs=BIGRAM,bigbss=BIGRAM,bigdata=BIGRAM -pbss=RAM \
  -pidata=CODE,irdata=CODE,ibigdata=CODE,ifardata=CODE -prparam=COMRAM \
  C:\Users\Chris\AppData\Local\Temp\xcAsvgc.o \
  dist/default/production\Senior_Design.X.production.o 

Object code version is 3.11

Machine type is 18F16Q41



                Name                               Link     Load   Length Selector   Space Scale
C:\Users\Chris\AppData\Local\Temp\xcAsvgc.o
                idloc                            200000   200000       20        0       5
                config                           300000   300000        A        0       4
                init                               FFFC     FFFC        4     7FFE       0
                reset_vec                             0        0        4        0       0
dist/default/production\Senior_Design.X.production.o
                idloc                            200000   200000       20        0       5
                config                           300000   300000        A        0       4
                smallconst                         1600     1600       36      B00       0
                text17                             1A46     1A46       28      B1B       0
                text16                             1ACE     1ACE       1C      B1B       0
                text15                             1876     1876       6E      B1B       0
                text14                             1AB2     1AB2       1C      B1B       0
                text13                             1B36     1B36        A      B1B       0
                text12                             1B2C     1B2C        A      B1B       0
                text11                             1B22     1B22        A      B1B       0
                text10                             18E4     18E4       68      B1B       0
                text9                              1B02     1B02       16      B1B       0
                text8                              1AEA     1AEA       18      B1B       0
                text7                              1B18     1B18        A      B1B       0
                text6                              17E0     17E0       96      B1B       0
                text5                              1636     1636      10C      B1B       0
                text4                              194C     194C       64      B1B       0
                text3                              1A6E     1A6E       26      B1B       0
                text2                              1A06     1A06       40      B1B       0
                text1                              19B0     19B0       56      B1B       0
                text0                              1742     1742       9E      B1B       0
                cstackCOMRAM                        52E      52E       20      501       1
                bssBANK5                            560      560       20      560       1
                bssCOMRAM                           501      501       2D      501       1
                cinit                              1A94     1A94       1E      B1B       0
                nvCOMRAM                            54E      54E        6      501       1

TOTAL           Name                               Link     Load   Length     Space
        CLASS   STACK          

        CLASS   CODE           
                init                               FFFC     FFFC        4         0
                reset_vec                             0        0        4         0
                text17                             1A46     1A46       28         0
                text16                             1ACE     1ACE       1C         0
                text15                             1876     1876       6E         0
                text14                             1AB2     1AB2       1C         0
                text13                             1B36     1B36        A         0
                text12                             1B2C     1B2C        A         0
                text11                             1B22     1B22        A         0
                text10                             18E4     18E4       68         0
                text9                              1B02     1B02       16         0
                text8                              1AEA     1AEA       18         0
                text7                              1B18     1B18        A         0
                text6                              17E0     17E0       96         0
                text5                              1636     1636      10C         0
                text4                              194C     194C       64         0
                text3                              1A6E     1A6E       26         0
                text2                              1A06     1A06       40         0
                text1                              19B0     19B0       56         0
                text0                              1742     1742       9E         0
                cinit                              1A94     1A94       1E         0

        CLASS   CONST          

        CLASS   SMALLCONST     
                smallconst                         1600     1600       36         0

        CLASS   MEDIUMCONST    

        CLASS   COMRAM         
                cstackCOMRAM                        52E      52E       20         1
                bssCOMRAM                           501      501       2D         1
                nvCOMRAM                            54E      54E        6         1

        CLASS   ABS1           

        CLASS   BIGRAM         

        CLASS   RAM            

        CLASS   BANK5          
                bssBANK5                            560      560       20         1

        CLASS   BANK6          

        CLASS   BANK7          

        CLASS   BANK8          

        CLASS   BANK9          

        CLASS   BANK10         

        CLASS   BANK11         

        CLASS   BANK12         

        CLASS   BANK13         

        CLASS   BANK14         

        CLASS   BANK15         

        CLASS   BANK16         

        CLASS   BANK17         

        CLASS   BANK18         

        CLASS   BANK19         

        CLASS   BANK20         

        CLASS   BANK21         

        CLASS   SFR            

        CLASS   CONFIG         
                config                           300000   300000        A         4

        CLASS   IDLOC          
                idloc                            200000   200000       20         5

        CLASS   EEDATA         

        CLASS   FARRAM         



SEGMENTS        Name                           Load    Length   Top    Selector   Space  Class

                reset_vec                      000000  000004  000004         0       0  CODE    
                bssCOMRAM                      000501  000053  000554       501       1  COMRAM  
                bssBANK5                       000560  000020  000580       560       1  BANK5   
                smallconst                     001600  000036  001636       B00       0  SMALLCON
                text5                          001636  00050A  001B40       B1B       0  CODE    
                init                           00FFFC  000004  010000      7FFE       0  CODE    


UNUSED ADDRESS RANGES

        Name                Unused          Largest block    Delta
        BANK10           000A00-000AFF              100
        BANK11           000B00-000BFF              100
        BANK12           000C00-000CFF              100
        BANK13           000D00-000DFF              100
        BANK14           000E00-000EFF              100
        BANK15           000F00-000FFF              100
        BANK16           001000-0010FF              100
        BANK17           001100-0011FF              100
        BANK18           001200-0012FF              100
        BANK19           001300-0013FF              100
        BANK20           001400-0014FF              100
        BANK21           001500-0015FF              100
        BANK5            000580-0005FF               80
        BANK6            000600-0006FF              100
        BANK7            000700-0007FF              100
        BANK8            000800-0008FF              100
        BANK9            000900-0009FF              100
        BIGRAM           000554-00055F                C
                         000580-0015FF             1080
        CODE             000004-0015FF             15FC
                         001B40-00FFFB             E4BC
        COMRAM           000554-00055F                C
        CONFIG           30000A-300011                8
        CONST            000004-0015FF             15FC
                         001B40-00FFFB             E4BC
        EEDATA           380000-3801FF              200
        MEDIUMCONST      001B40-00FFFB             E4BC
        RAM              000580-0015FF              100
        SFR              000000-0004FF              100
        SMALLCONST       001B40-00FFFB              100
        STACK            000580-0015FF             1080

                                  Symbol Table

?_printf                                      cstackCOMRAM 000547
?_strlen                                      cstackCOMRAM 00052E
?_vfpfcnvrt                                   cstackCOMRAM 000539
?_vfprintf                                    cstackCOMRAM 00053F
UART1_SetErrorHandler@interruptHandler        cstackCOMRAM 00052E
UART1_SetFramingErrorHandler@interruptHandler cstackCOMRAM 00052E
UART1_SetOverrunErrorHandler@interruptHandler cstackCOMRAM 00052E
UART1_Write@txData                            cstackCOMRAM 00052E
_ACTCON                                       (abs)        0000AC
_ANSELA                                       (abs)        000400
_ANSELB                                       (abs)        000408
_ANSELC                                       (abs)        000410
_I2C1CLK                                      (abs)        00029E
_I2C1CNTH                                     (abs)        00028D
_I2C1CNTL                                     (abs)        00028C
_I2C1CON0                                     (abs)        000294
_I2C1CON0bits                                 (abs)        000294
_I2C1CON1                                     (abs)        000295
_I2C1CON1bits                                 (abs)        000295
_I2C1CON2                                     (abs)        000296
_I2C1ERR                                      (abs)        000297
_I2C1ERRbits                                  (abs)        000297
_I2C1PIE                                      (abs)        00029B
_I2C1PIEbits                                  (abs)        00029B
_I2C1PIR                                      (abs)        00029A
_I2C1PIRbits                                  (abs)        00029A
_I2C1RXB                                      (abs)        00028A
_I2C1SCLPPS                                   (abs)        000271
_I2C1SDAPPS                                   (abs)        000270
_I2C1STAT1bits                                (abs)        000299
_I2C1TXB                                      (abs)        00028B
_I2C1_CallbackReturnReset                     (abs)        000000
_I2C1_CallbackReturnStop                      (abs)        000000
_I2C1_DO_ADDRESS_NACK                         (abs)        000000
_I2C1_DO_BUS_COLLISION                        (abs)        000000
_I2C1_DO_BUS_ERROR                            (abs)        000000
_I2C1_DO_IDLE                                 (abs)        000000
_I2C1_DO_RESET                                (abs)        000000
_I2C1_DO_RX                                   (abs)        000000
_I2C1_DO_RX_ACK                               (abs)        000000
_I2C1_DO_RX_EMPTY                             (abs)        000000
_I2C1_DO_RX_NACK_RESTART                      (abs)        000000
_I2C1_DO_RX_NACK_STOP                         (abs)        000000
_I2C1_DO_SEND_ADR_READ                        (abs)        000000
_I2C1_DO_SEND_ADR_WRITE                       (abs)        000000
_I2C1_DO_SEND_RESTART                         (abs)        000000
_I2C1_DO_SEND_RESTART_READ                    (abs)        000000
_I2C1_DO_SEND_RESTART_WRITE                   (abs)        000000
_I2C1_DO_SEND_STOP                            (abs)        000000
_I2C1_DO_TX                                   (abs)        000000
_I2C1_DO_TX_ACK                               (abs)        000000
_I2C1_DO_TX_EMPTY                             (abs)        000000
_I2C1_Initialize                              text17       001A46
_I2C1_Status                                  bssCOMRAM    000501
_INLVLA                                       (abs)        000404
_INLVLB                                       (abs)        00040C
_INLVLC                                       (abs)        000414
_LATA                                         (abs)        0004BE
_LATB                                         (abs)        0004BF
_LATC                                         (abs)        0004C0
_LATCbits                                     (abs)        0004C0
_ODCONA                                       (abs)        000402
_ODCONB                                       (abs)        00040A
_ODCONC                                       (abs)        000412
_OSCCON1                                      (abs)        0000AD
_OSCCON3                                      (abs)        0000AF
_OSCEN                                        (abs)        0000B3
_OSCFRQ                                       (abs)        0000B1
_OSCILLATOR_Initialize                        text16       001ACE
_OSCTUNE                                      (abs)        0000B0
_PIE7bits                                     (abs)        0004AF
_PIN_MANAGER_Initialize                       text15       001876
_PIR4bits                                     (abs)        0004B7
_PIR7bits                                     (abs)        0004BA
_PMD0                                         (abs)        000063
_PMD1                                         (abs)        000064
_PMD2                                         (abs)        000065
_PMD3                                         (abs)        000066
_PMD4                                         (abs)        000067
_PMD5                                         (abs)        000068
_PMD_Initialize                               text14       001AB2
_PORTCbits                                    (abs)        0004D0
_RB4PPS                                       (abs)        00020D
_RB6PPS                                       (abs)        00020F
_RB7PPS                                       (abs)        000210
_SLRCONA                                      (abs)        000403
_SLRCONB                                      (abs)        00040B
_SLRCONC                                      (abs)        000413
_SYSTEM_Initialize                            text9        001B02
_TRISA                                        (abs)        0004C6
_TRISB                                        (abs)        0004C7
_TRISC                                        (abs)        0004C8
_U1BRGH                                       (abs)        0002AF
_U1BRGL                                       (abs)        0002AE
_U1CON0                                       (abs)        0002AB
_U1CON0bits                                   (abs)        0002AB
_U1CON1                                       (abs)        0002AC
_U1CON2                                       (abs)        0002AD
_U1ERRIE                                      (abs)        0002B3
_U1ERRIR                                      (abs)        0002B2
_U1ERRIRbits                                  (abs)        0002B2
_U1FIFO                                       (abs)        0002B0
_U1P1H                                        (abs)        0002A6
_U1P1L                                        (abs)        0002A5
_U1P2H                                        (abs)        0002A8
_U1P2L                                        (abs)        0002A7
_U1P3H                                        (abs)        0002AA
_U1P3L                                        (abs)        0002A9
_U1RXB                                        (abs)        0002A1
_U1RXPPS                                      (abs)        000272
_U1TXB                                        (abs)        0002A3
_U1UIR                                        (abs)        0002B1
_UART1_DefaultErrorHandler                    (abs)        000000
_UART1_DefaultFramingErrorHandler             (abs)        000000
_UART1_DefaultOverrunErrorHandler             (abs)        000000
_UART1_ErrorHandler                           nvCOMRAM     00054E
_UART1_FramingErrorHandler                    nvCOMRAM     000552
_UART1_Initialize                             text10       0018E4
_UART1_OverrunErrorHandler                    nvCOMRAM     000550
_UART1_SetErrorHandler                        text13       001B36
_UART1_SetFramingErrorHandler                 text12       001B2C
_UART1_SetOverrunErrorHandler                 text11       001B22
_UART1_Write                                  text8        001AEA
_WPUA                                         (abs)        000401
_WPUB                                         (abs)        000409
_WPUC                                         (abs)        000411
__HRAM                                        (abs)        000000
__Habs1                                       abs1         000000
__Hbank10                                     bank10       000000
__Hbank11                                     bank11       000000
__Hbank12                                     bank12       000000
__Hbank13                                     bank13       000000
__Hbank14                                     bank14       000000
__Hbank15                                     bank15       000000
__Hbank16                                     bank16       000000
__Hbank17                                     bank17       000000
__Hbank18                                     bank18       000000
__Hbank19                                     bank19       000000
__Hbank20                                     bank20       000000
__Hbank21                                     bank21       000000
__Hbank5                                      bank5        000000
__Hbank6                                      bank6        000000
__Hbank7                                      bank7        000000
__Hbank8                                      bank8        000000
__Hbank9                                      bank9        000000
__Hbigbss                                     bigbss       000000
__Hbigdata                                    bigdata      000000
__Hbigram                                     bigram       000000
__Hbss                                        bss          000000
__HbssBANK5                                   bssBANK5     000000
__HbssCOMRAM                                  bssCOMRAM    000000
__Hcinit                                      cinit        000000
__Hclrtext                                    clrtext      000000
__Hcomram                                     comram       000000
__Hconfig                                     config       30000A
__Hconst                                      const        000000
__HcstackCOMRAM                               cstackCOMRAM 000000
__Hdata                                       data         000000
__Heeprom_data                                eeprom_data  000000
__Hfarbss                                     farbss       000000
__Hfardata                                    fardata      000000
__Hibigdata                                   ibigdata     000000
__Hidata                                      idata        000000
__Hidloc                                      idloc        200020
__Hifardata                                   ifardata     000000
__Hinit                                       init         010000
__Hintsave_regs                               intsave_regs 000000
__Hirdata                                     irdata       000000
__Hmediumconst                                mediumconst  000000
__HnvCOMRAM                                   nvCOMRAM     000000
__HnvFARRAM                                   nvFARRAM     000000
__Hnvbit                                      nvbit        000000
__Hnvrram                                     nvrram       000000
__Hparam                                      rparam       000000
__Hpowerup                                    powerup      000000
__Hram                                        ram          000000
__Hramtop                                     ramtop       001600
__Hrbit                                       rbit         000000
__Hrbss                                       rbss         000000
__Hrdata                                      rdata        000000
__Hreset_vec                                  reset_vec    000004
__Hrparam                                     rparam       000000
__Hsfr                                        sfr          000000
__Hsmallconst                                 smallconst   001636
__Hspace_0                                    (abs)        010000
__Hspace_1                                    (abs)        000580
__Hspace_2                                    (abs)        000000
__Hspace_4                                    (abs)        60000A
__Hstack                                      stack        000000
__Hstruct                                     struct       000000
__Htemp                                       temp         000000
__Htext                                       text         000000
__Htext0                                      text0        000000
__Htext1                                      text1        000000
__Htext10                                     text10       000000
__Htext11                                     text11       000000
__Htext12                                     text12       000000
__Htext13                                     text13       000000
__Htext14                                     text14       000000
__Htext15                                     text15       000000
__Htext16                                     text16       000000
__Htext17                                     text17       000000
__Htext2                                      text2        000000
__Htext3                                      text3        000000
__Htext4                                      text4        000000
__Htext5                                      text5        000000
__Htext6                                      text6        000000
__Htext7                                      text7        000000
__Htext8                                      text8        000000
__Htext9                                      text9        000000
__LRAM                                        (abs)        000001
__Labs1                                       abs1         000000
__Lbank10                                     bank10       000000
__Lbank11                                     bank11       000000
__Lbank12                                     bank12       000000
__Lbank13                                     bank13       000000
__Lbank14                                     bank14       000000
__Lbank15                                     bank15       000000
__Lbank16                                     bank16       000000
__Lbank17                                     bank17       000000
__Lbank18                                     bank18       000000
__Lbank19                                     bank19       000000
__Lbank20                                     bank20       000000
__Lbank21                                     bank21       000000
__Lbank5                                      bank5        000000
__Lbank6                                      bank6        000000
__Lbank7                                      bank7        000000
__Lbank8                                      bank8        000000
__Lbank9                                      bank9        000000
__Lbigbss                                     bigbss       000000
__Lbigdata                                    bigdata      000000
__Lbigram                                     bigram       000000
__Lbss                                        bss          000000
__LbssBANK5                                   bssBANK5     000000
__LbssCOMRAM                                  bssCOMRAM    000000
__Lcinit                                      cinit        000000
__Lclrtext                                    clrtext      000000
__Lcomram                                     comram       000000
__Lconfig                                     config       000000
__Lconst                                      const        000000
__LcstackCOMRAM                               cstackCOMRAM 000000
__Ldata                                       data         000000
__Leeprom_data                                eeprom_data  000000
__Lfarbss                                     farbss       000000
__Lfardata                                    fardata      000000
__Libigdata                                   ibigdata     000000
__Lidata                                      idata        000000
__Lidloc                                      idloc        000000
__Lifardata                                   ifardata     000000
__Linit                                       init         00FFFC
__Lintsave_regs                               intsave_regs 000000
__Lirdata                                     irdata       000000
__Lmediumconst                                mediumconst  000000
__LnvCOMRAM                                   nvCOMRAM     000000
__LnvFARRAM                                   nvFARRAM     000000
__Lnvbit                                      nvbit        000000
__Lnvrram                                     nvrram       000000
__Lparam                                      rparam       000000
__Lpowerup                                    powerup      000000
__Lram                                        ram          000000
__Lramtop                                     ramtop       001600
__Lrbit                                       rbit         000000
__Lrbss                                       rbss         000000
__Lrdata                                      rdata        000000
__Lreset_vec                                  reset_vec    000000
__Lrparam                                     rparam       000000
__Lsfr                                        sfr          000000
__Lsmallconst                                 smallconst   001600
__Lspace_0                                    (abs)        000000
__Lspace_1                                    (abs)        000000
__Lspace_2                                    (abs)        000000
__Lspace_4                                    (abs)        000000
__Lstack                                      stack        000000
__Lstruct                                     struct       000000
__Ltemp                                       temp         000000
__Ltext                                       text         000000
__Ltext0                                      text0        000000
__Ltext1                                      text1        000000
__Ltext10                                     text10       000000
__Ltext11                                     text11       000000
__Ltext12                                     text12       000000
__Ltext13                                     text13       000000
__Ltext14                                     text14       000000
__Ltext15                                     text15       000000
__Ltext16                                     text16       000000
__Ltext17                                     text17       000000
__Ltext2                                      text2        000000
__Ltext3                                      text3        000000
__Ltext4                                      text4        000000
__Ltext5                                      text5        000000
__Ltext6                                      text6        000000
__Ltext7                                      text7        000000
__Ltext8                                      text8        000000
__Ltext9                                      text9        000000
__S0                                          (abs)        010000
__S1                                          (abs)        000580
__S2                                          (abs)        000000
__S4                                          (abs)        000000
__S5                                          (abs)        000000
___inthi_sp                                   stack        000000
___intlo_sp                                   stack        000000
___param_bank                                 (abs)        000000
___rparam_used                                (abs)        000001
___sp                                         stack        000000
__accesstop                                   (abs)        000560
__activetblptr                                (abs)        000003
__end_of_I2C1_Initialize                      text17       001A6E
__end_of_OSCILLATOR_Initialize                text16       001AEA
__end_of_PIN_MANAGER_Initialize               text15       0018E4
__end_of_PMD_Initialize                       text14       001ACE
__end_of_SYSTEM_Initialize                    text9        001B18
__end_of_UART1_Initialize                     text10       00194C
__end_of_UART1_SetErrorHandler                text13       001B40
__end_of_UART1_SetFramingErrorHandler         text12       001B36
__end_of_UART1_SetOverrunErrorHandler         text11       001B2C
__end_of_UART1_Write                          text8        001B02
__end_of__initialization                      cinit        001AAC
__end_of_fputc                                text6        001876
__end_of_i2c1_fsmStateTable                   smallconst   001627
__end_of_main                                 text0        0017E0
__end_of_printf                               text3        001A94
__end_of_putch                                text7        001B22
__end_of_strlen                               text2        001A46
__end_of_uart_send_string                     text1        001A06
__end_of_vfpfcnvrt                            text5        001742
__end_of_vfprintf                             text4        0019B0
__initialization                              cinit        001A94
__mediumconst                                 mediumconst  000000
__pbssBANK5                                   bssBANK5     000560
__pbssCOMRAM                                  bssCOMRAM    000501
__pcinit                                      cinit        001A94
__pcstackCOMRAM                               cstackCOMRAM 00052E
__pnvCOMRAM                                   nvCOMRAM     00054E
__psmallconst                                 smallconst   001600
__ptext0                                      text0        001742
__ptext1                                      text1        0019B0
__ptext10                                     text10       0018E4
__ptext11                                     text11       001B22
__ptext12                                     text12       001B2C
__ptext13                                     text13       001B36
__ptext14                                     text14       001AB2
__ptext15                                     text15       001876
__ptext16                                     text16       001ACE
__ptext17                                     text17       001A46
__ptext2                                      text2        001A06
__ptext3                                      text3        001A6E
__ptext4                                      text4        00194C
__ptext5                                      text5        001636
__ptext6                                      text6        0017E0
__ptext7                                      text7        001B18
__ptext8                                      text8        001AEA
__ptext9                                      text9        001B02
__ramtop                                      ramtop       001600
__size_of_I2C1_Initialize                     (abs)        000000
__size_of_OSCILLATOR_Initialize               (abs)        000000
__size_of_PIN_MANAGER_Initialize              (abs)        000000
__size_of_PMD_Initialize                      (abs)        000000
__size_of_SYSTEM_Initialize                   (abs)        000000
__size_of_UART1_Initialize                    (abs)        000000
__size_of_UART1_SetErrorHandler               (abs)        000000
__size_of_UART1_SetFramingErrorHandler        (abs)        000000
__size_of_UART1_SetOverrunErrorHandler        (abs)        000000
__size_of_UART1_Write                         (abs)        000000
__size_of_fputc                               (abs)        000000
__size_of_main                                (abs)        000000
__size_of_printf                              (abs)        000000
__size_of_putch                               (abs)        000000
__size_of_strlen                              (abs)        000000
__size_of_uart_send_string                    (abs)        000000
__size_of_vfpfcnvrt                           (abs)        000000
__size_of_vfprintf                            (abs)        000000
__smallconst                                  smallconst   001600
_flags                                        bssCOMRAM    00052B
_fputc                                        text6        0017E0
_i2c1_fsmStateTable                           smallconst   001601
_main                                         text0        001742
_nout                                         bssCOMRAM    000525
_prec                                         bssCOMRAM    000529
_printf                                       text3        001A6E
_putch                                        text7        001B18
_rd1RegCompleteHandler                        (abs)        000000
_rd2RegCompleteHandler                        (abs)        000000
_rdBlkRegCompleteHandler                      (abs)        000000
_strlen                                       text2        001A06
_uart1RxLastError                             bssCOMRAM    00052D
_uart_send_string                             text1        0019B0
_vfpfcnvrt                                    text5        001636
_vfprintf                                     text4        00194C
_width                                        bssCOMRAM    000527
_wr1RegCompleteHandler                        (abs)        000000
_wr2RegCompleteHandler                        (abs)        000000
end_of_initialization                         cinit        001AAC
fputc@c                                       cstackCOMRAM 000530
fputc@fp                                      cstackCOMRAM 000532
intlevel0                                     text         000000
intlevel1                                     text         000000
intlevel2                                     text         000000
intlevel3                                     text         000000
isa$std                                       (abs)        000001
isa$xinst                                     (abs)        000000
main@pressed                                  cstackCOMRAM 00054D
printf@ap                                     cstackCOMRAM 000549
printf@fmt                                    cstackCOMRAM 000547
putch@txData                                  cstackCOMRAM 00052F
stackhi                                       (abs)        0015FF
stacklo                                       (abs)        000580
start                                         init         00FFFC
start_initialization                          cinit        001A94
strlen@a                                      cstackCOMRAM 000530
strlen@s                                      cstackCOMRAM 00052E
uart_send_string@i                            cstackCOMRAM 000536
uart_send_string@msg                          cstackCOMRAM 000532
vfpfcnvrt@ap                                  cstackCOMRAM 00053D
vfpfcnvrt@fmt                                 cstackCOMRAM 00053B
vfpfcnvrt@fp                                  cstackCOMRAM 000539
vfprintf@ap                                   cstackCOMRAM 000543
vfprintf@cfmt                                 cstackCOMRAM 000545
vfprintf@fmt                                  cstackCOMRAM 000541
vfprintf@fp                                   cstackCOMRAM 00053F


MODULE INFORMATION

Module		Function		Class		Link	Load	Size
mcc_generated_files/i2c1_master.c
		_I2C1_Initialize		CODE           	1A46	0000	40

mcc_generated_files/i2c1_master.c estimated size: 40

D:\Programs\Microchip\xc8\v2.32\pic\sources\c99\common\printf.c
		_printf        		CODE           	1A6E	0000	38

D:\Programs\Microchip\xc8\v2.32\pic\sources\c99\common\printf.c estimated size: 38

D:\Programs\Microchip\xc8\v2.32\pic\sources\c99\common\strlen.c
		_strlen        		CODE           	1A06	0000	64

D:\Programs\Microchip\xc8\v2.32\pic\sources\c99\common\strlen.c estimated size: 64

mcc_generated_files/pin_manager.c
		_PIN_MANAGER_Initialize		CODE           	1876	0000	110

mcc_generated_files/pin_manager.c estimated size: 110

D:\Programs\Microchip\xc8\v2.32\pic\sources\c99\common\nf_fputc.c
		_fputc         		CODE           	17E0	0000	150

D:\Programs\Microchip\xc8\v2.32\pic\sources\c99\common\nf_fputc.c estimated size: 150

D:\Programs\Microchip\xc8\v2.32\pic\sources\c99\common\doprnt.c
		_vfpfcnvrt     		CODE           	1636	0000	268
		_vfprintf      		CODE           	194C	0000	100

D:\Programs\Microchip\xc8\v2.32\pic\sources\c99\common\doprnt.c estimated size: 368

mcc_generated_files/uart1.c
		_UART1_Write   		CODE           	1AEA	0000	24
		_putch         		CODE           	1B18	0000	10
		_UART1_SetFramingErrorHandler		CODE           	1B2C	0000	10
		_UART1_SetOverrunErrorHandler		CODE           	1B22	0000	10
		_UART1_Initialize		CODE           	18E4	0000	104
		_UART1_SetErrorHandler		CODE           	1B36	0000	10

mcc_generated_files/uart1.c estimated size: 168

shared
		__initialization		CODE           	1A94	0000	24
		_i2c1_fsmStateTable		SMALLCONST     	1601	0000	38

shared estimated size: 62

mcc_generated_files/mcc.c
		_PMD_Initialize		CODE           	1AB2	0000	28
		_OSCILLATOR_Initialize		CODE           	1ACE	0000	28
		_SYSTEM_Initialize		CODE           	1B02	0000	22

mcc_generated_files/mcc.c estimated size: 78

main.c
		_main          		CODE           	1742	0000	158

main.c estimated size: 158

comm_uart.c
		_uart_send_string		CODE           	19B0	0000	86

comm_uart.c estimated size: 86

