Microchip MPLAB XC8 Compiler V2.35

Linker command line:

-W-3 --edf=C:\Program Files\Microchip\xc8\v2.35\pic\dat\en_msgs.txt \
  -pivt0x8=08h -cn -h+dist/default/debug\Senior_Design.X.debug.sym \
  --cmf=dist/default/debug\Senior_Design.X.debug.cmf -z -Q18F16Q41 \
  -oC:\Users\chris\AppData\Local\Temp\xcAs8gs.4 --defsym=__MPLAB_BUILD=1 \
  -Mdist/default/debug/Senior_Design.X.debug.map \
  --md=C:\Users\chris\AppData\Local\Temp\xcAs8gs.dat -E1 -ver=XC8 Compiler \
  --acfsm=1493 -ACODE=00h-0FFFFh -ACONST=00h-0FFFFh \
  -ASMALLCONST=01500h-015FFhx235 -AMEDIUMCONST=01500h-0FFFFh \
  -ACOMRAM=0501h-055Fh -AABS1=0500h-014FFh -ABIGRAM=0501h-014FFh \
  -ARAM=0560h-05FFh,0600h-06FFhx15 -ABANK5=0560h-05FFh -ABANK6=0600h-06FFh \
  -ABANK7=0700h-07FFh -ABANK8=0800h-08FFh -ABANK9=0900h-09FFh \
  -ABANK10=0A00h-0AFFh -ABANK11=0B00h-0BFFh -ABANK12=0C00h-0CFFh \
  -ABANK13=0D00h-0DFFh -ABANK14=0E00h-0EFFh -ABANK15=0F00h-0FFFh \
  -ABANK16=01000h-010FFh -ABANK17=01100h-011FFh -ABANK18=01200h-012FFh \
  -ABANK19=01300h-013FFh -ABANK20=01400h-014FFh \
  -ASFR=00h-0FFhx4,0400h-045Fh,0460h-04FFh,01500h-015FFh \
  -ABIGSFR=00h-04FFh,01500h-015FFh -ACONFIG=0300000h-0300011h \
  -AIDLOC=0200000h-020003Fh -AEEDATA=0380000h-03801FFh -peeprom_data=EEDATA \
  -preset_vec=00h -ppowerup=CODE,init -pramtop=01500h \
  -psmallconst=SMALLCONST -pmediumconst=MEDIUMCONST -pconst=CONST \
  -AFARRAM=00h-00h \
  -prdata=COMRAM,nvrram=COMRAM,nvbit=COMRAM,rbss=COMRAM,rbit=COMRAM \
  -pfarbss=FARRAM,fardata=FARRAM,nvFARRAM=FARRAM \
  -pintsave_regs=BIGRAM,bigbss=BIGRAM,bigdata=BIGRAM -pbss=RAM \
  -pidata=CODE,irdata=CODE,ibigdata=CODE,ifardata=CODE -prparam=COMRAM \
  C:\Users\chris\AppData\Local\Temp\xcAs8gs.o \
  dist/default/debug\Senior_Design.X.debug.o 

Object code version is 3.11

Machine type is 18F16Q41



                Name                               Link     Load   Length Selector   Space Scale
C:\Users\chris\AppData\Local\Temp\xcAs8gs.o
                idloc                            200000   200000       40        0       5
                config                           300000   300000        A        0       4
                init                                 1A       1A        4        4       0
                reset_vec                             0        0        4        0       0
dist/default/debug\Senior_Design.X.debug.o
                idloc                            200000   200000       40        0       5
                config                           300000   300000        A        0       4
                smallconst                         1500     1500       44      A80       0
                ivt0x8                                8        8       12        4       0
                text29                             1C7E     1C7E       18      AA2       0
                text28                             1B2A     1B2A       40      AA2       0
                text27                             1A94     1A94       56      AA2       0
                text26                             1CAC     1CAC        E      AA2       0
                text25                             1CFC     1CFC        2      AA2       0
                text24                             1B6A     1B6A       30      AA2       0
                text23                             1C96     1C96       16      AA2       0
                text22                             1908     1908       6A      AA2       0
                text21                             1BC6     1BC6       28      AA2       0
                text20                             1CF8     1CF8        4      AA2       0
                text19                             1C30     1C30       1C      AA2       0
                text18                             1CE2     1CE2        A      AA2       0
                text17                             1886     1886       82      AA2       0
                text16                             1C14     1C14       1C      AA2       0
                text15                             1CD8     1CD8        A      AA2       0
                text14                             1CCE     1CCE        A      AA2       0
                text13                             1CC4     1CC4        A      AA2       0
                text12                             1972     1972       68      AA2       0
                text11                             1C4C     1C4C       1A      AA2       0
                text10                             1C66     1C66       18      AA2       0
                text9                              1CBA     1CBA        A      AA2       0
                text8                              17F0     17F0       96      AA2       0
                text7                              16E4     16E4      10C      AA2       0
                text6                              19DA     19DA       64      AA2       0
                text5                              1BEE     1BEE       26      AA2       0
                text4                              1CF2     1CF2        6      AA2       0
                text3                              1CEC     1CEC        6      AA2       0
                text2                              1AEA     1AEA       40      AA2       0
                text1                              1A3E     1A3E       56      AA2       0
                text0                              1544     1544      1A0      AA2       0
                cstackCOMRAM                        501      501       34      501       1
                bssBANK5                            560      560       44      560       1
                bssCOMRAM                           535      535        9      501       1
                cinit                              1B9A     1B9A       2C      AA2       0
                nvCOMRAM                            53E      53E        8      501       1

TOTAL           Name                               Link     Load   Length     Space
        CLASS   CODE           
                init                                 1A       1A        4         0
                reset_vec                             0        0        4         0
                ivt0x8                                8        8       12         0
                text29                             1C7E     1C7E       18         0
                text28                             1B2A     1B2A       40         0
                text27                             1A94     1A94       56         0
                text26                             1CAC     1CAC        E         0
                text25                             1CFC     1CFC        2         0
                text24                             1B6A     1B6A       30         0
                text23                             1C96     1C96       16         0
                text22                             1908     1908       6A         0
                text21                             1BC6     1BC6       28         0
                text20                             1CF8     1CF8        4         0
                text19                             1C30     1C30       1C         0
                text18                             1CE2     1CE2        A         0
                text17                             1886     1886       82         0
                text16                             1C14     1C14       1C         0
                text15                             1CD8     1CD8        A         0
                text14                             1CCE     1CCE        A         0
                text13                             1CC4     1CC4        A         0
                text12                             1972     1972       68         0
                text11                             1C4C     1C4C       1A         0
                text10                             1C66     1C66       18         0
                text9                              1CBA     1CBA        A         0
                text8                              17F0     17F0       96         0
                text7                              16E4     16E4      10C         0
                text6                              19DA     19DA       64         0
                text5                              1BEE     1BEE       26         0
                text4                              1CF2     1CF2        6         0
                text3                              1CEC     1CEC        6         0
                text2                              1AEA     1AEA       40         0
                text1                              1A3E     1A3E       56         0
                text0                              1544     1544      1A0         0
                cinit                              1B9A     1B9A       2C         0

        CLASS   CONST          

        CLASS   SMALLCONST     
                smallconst                         1500     1500       44         0

        CLASS   MEDIUMCONST    

        CLASS   COMRAM         
                cstackCOMRAM                        501      501       34         1
                bssCOMRAM                           535      535        9         1
                nvCOMRAM                            53E      53E        8         1

        CLASS   ABS1           

        CLASS   BIGRAM         

        CLASS   RAM            

        CLASS   BANK5          
                bssBANK5                            560      560       44         1

        CLASS   BANK6          

        CLASS   BANK7          

        CLASS   BANK8          

        CLASS   BANK9          

        CLASS   BANK10         

        CLASS   BANK11         

        CLASS   BANK12         

        CLASS   BANK13         

        CLASS   BANK14         

        CLASS   BANK15         

        CLASS   BANK16         

        CLASS   BANK17         

        CLASS   BANK18         

        CLASS   BANK19         

        CLASS   BANK20         

        CLASS   SFR            

        CLASS   BIGSFR         

        CLASS   CONFIG         
                config                           300000   300000        A         4

        CLASS   IDLOC          
                idloc                            200000   200000       40         5

        CLASS   EEDATA         

        CLASS   FARRAM         

        CLASS   HEAP           

        CLASS   STACK          



SEGMENTS        Name                           Load    Length   Top    Selector   Space  Class

                reset_vec                      000000  000004  000004         0       0  CODE    
                ivt0x8                         000008  000016  00001E         4       0  CODE    
                cstackCOMRAM                   000501  000045  000546       501       1  COMRAM  
                bssBANK5                       000560  000044  0005A4       560       1  BANK5   
                smallconst                     001500  000044  001544       A80       0  SMALLCON
                text0                          001544  0007BA  001CFE       AA2       0  CODE    


UNUSED ADDRESS RANGES

        Name                Unused          Largest block    Delta
        BANK10           000A00-000AFF              100
        BANK11           000B00-000BFF              100
        BANK12           000C00-000CFF              100
        BANK13           000D00-000DFF              100
        BANK14           000E00-000EFF              100
        BANK15           000F00-000FFF              100
        BANK16           001000-0010FF              100
        BANK17           001100-0011FF              100
        BANK18           001200-0012FF              100
        BANK19           001300-0013FF              100
        BANK20           001400-0014FF              100
        BANK5            0005A4-0005FF               5C
        BANK6            000600-0006FF              100
        BANK7            000700-0007FF              100
        BANK8            000800-0008FF              100
        BANK9            000900-0009FF              100
        BIGRAM           000546-00055F               1A
                         0005A4-0014FF              F5C
        BIGSFR           000000-0004FF              500
                         001500-0015FF              100
        CODE             000004-000007                4
                         00001E-0014FF             14E2
                         001CFE-00FFFF             E302
        COMRAM           000546-00055F               1A
        CONFIG           30000A-300011                8
        CONST            000004-000007                4
                         00001E-0014FF             14E2
                         001CFE-00FFFF             E302
        EEDATA           380000-3801FF              200
        MEDIUMCONST      001CFE-00FFFF             E302
        RAM              0005A4-0014FF              100
        SFR              000000-0004FF              100
                         001500-0015FF              100
        SMALLCONST       001CFE-00FFFF              100

                                  Symbol Table

?_printf                                      cstackCOMRAM 00052A
?_strlen                                      cstackCOMRAM 000511
?_vfpfcnvrt                                   cstackCOMRAM 00051C
?_vfprintf                                    cstackCOMRAM 000522
?i2_strlen                                    cstackCOMRAM 000501
IOCCF7_SetInterruptHandler@InterruptHandler   cstackCOMRAM 000511
IVTBASEH                                      (abs)        00045E
IVTBASEL                                      (abs)        00045D
IVTBASEU                                      (abs)        00045F
UART1_SetErrorHandler@interruptHandler        cstackCOMRAM 000511
UART1_SetFramingErrorHandler@interruptHandler cstackCOMRAM 000511
UART1_SetOverrunErrorHandler@interruptHandler cstackCOMRAM 000511
UART1_Write@txData                            cstackCOMRAM 000511
_ACTCON                                       (abs)        0000AC
_ANSELA                                       (abs)        000400
_ANSELB                                       (abs)        000408
_ANSELC                                       (abs)        000410
_DOZEN                                        (abs)        002796
_I2C1CLK                                      (abs)        00029E
_I2C1CNTH                                     (abs)        00028D
_I2C1CNTL                                     (abs)        00028C
_I2C1CON0                                     (abs)        000294
_I2C1CON0bits                                 (abs)        000294
_I2C1CON1                                     (abs)        000295
_I2C1CON1bits                                 (abs)        000295
_I2C1CON2                                     (abs)        000296
_I2C1ERR                                      (abs)        000297
_I2C1ERRbits                                  (abs)        000297
_I2C1PIE                                      (abs)        00029B
_I2C1PIEbits                                  (abs)        00029B
_I2C1PIR                                      (abs)        00029A
_I2C1PIRbits                                  (abs)        00029A
_I2C1RXB                                      (abs)        00028A
_I2C1SCLPPS                                   (abs)        000271
_I2C1SDAPPS                                   (abs)        000270
_I2C1STAT1bits                                (abs)        000299
_I2C1TXB                                      (abs)        00028B
_I2C1_CallbackReturnReset                     (abs)        000000
_I2C1_CallbackReturnStop                      (abs)        000000
_I2C1_DO_ADDRESS_NACK                         (abs)        000000
_I2C1_DO_BUS_COLLISION                        (abs)        000000
_I2C1_DO_BUS_ERROR                            (abs)        000000
_I2C1_DO_IDLE                                 (abs)        000000
_I2C1_DO_RESET                                (abs)        000000
_I2C1_DO_RX                                   (abs)        000000
_I2C1_DO_RX_ACK                               (abs)        000000
_I2C1_DO_RX_EMPTY                             (abs)        000000
_I2C1_DO_RX_NACK_RESTART                      (abs)        000000
_I2C1_DO_RX_NACK_STOP                         (abs)        000000
_I2C1_DO_SEND_ADR_READ                        (abs)        000000
_I2C1_DO_SEND_ADR_WRITE                       (abs)        000000
_I2C1_DO_SEND_RESTART                         (abs)        000000
_I2C1_DO_SEND_RESTART_READ                    (abs)        000000
_I2C1_DO_SEND_RESTART_WRITE                   (abs)        000000
_I2C1_DO_SEND_STOP                            (abs)        000000
_I2C1_DO_TX                                   (abs)        000000
_I2C1_DO_TX_ACK                               (abs)        000000
_I2C1_DO_TX_EMPTY                             (abs)        000000
_I2C1_Initialize                              text21       001BC6
_I2C1_Status                                  bssBANK5     000560
_IDLEN                                        (abs)        002797
_INLVLA                                       (abs)        000404
_INLVLB                                       (abs)        00040C
_INLVLC                                       (abs)        000414
_INTCON0bits                                  (abs)        0004D6
_INTERRUPT_Initialize                         text20       001CF8
_INTERRUPT_InterruptManager                   text22       001908
_IOCCF7_DefaultInterruptHandler               text25       001CFC
_IOCCF7_ISR                                   text24       001B6A
_IOCCF7_InterruptHandler                      nvCOMRAM     00053E
_IOCCF7_SetInterruptHandler                   text18       001CE2
_IOCCFbits                                    (abs)        000417
_IOCCNbits                                    (abs)        000416
_IOCCPbits                                    (abs)        000415
_LATA                                         (abs)        0004BE
_LATB                                         (abs)        0004BF
_LATC                                         (abs)        0004C0
_LATCbits                                     (abs)        0004C0
_ODCONA                                       (abs)        000402
_ODCONB                                       (abs)        00040A
_ODCONC                                       (abs)        000412
_OSCCON1                                      (abs)        0000AD
_OSCCON3                                      (abs)        0000AF
_OSCEN                                        (abs)        0000B3
_OSCFRQ                                       (abs)        0000B1
_OSCILLATOR_Initialize                        text19       001C30
_OSCTUNE                                      (abs)        0000B0
_PIE0bits                                     (abs)        0004A8
_PIE7bits                                     (abs)        0004AF
_PIN_MANAGER_IOC                              text23       001C96
_PIN_MANAGER_Initialize                       text17       001886
_PIR0bits                                     (abs)        0004B3
_PIR4bits                                     (abs)        0004B7
_PIR7bits                                     (abs)        0004BA
_PMD0                                         (abs)        000063
_PMD1                                         (abs)        000064
_PMD2                                         (abs)        000065
_PMD3                                         (abs)        000066
_PMD4                                         (abs)        000067
_PMD5                                         (abs)        000068
_PMD_Initialize                               text16       001C14
_PORTCbits                                    (abs)        0004D0
_RB4PPS                                       (abs)        00020D
_RB6PPS                                       (abs)        00020F
_RB7PPS                                       (abs)        000210
_SLRCONA                                      (abs)        000403
_SLRCONB                                      (abs)        00040B
_SLRCONC                                      (abs)        000413
_SYSTEM_Initialize                            text11       001C4C
_TRISA                                        (abs)        0004C6
_TRISB                                        (abs)        0004C7
_TRISC                                        (abs)        0004C8
_U1BRGH                                       (abs)        0002AF
_U1BRGL                                       (abs)        0002AE
_U1CON0                                       (abs)        0002AB
_U1CON0bits                                   (abs)        0002AB
_U1CON1                                       (abs)        0002AC
_U1CON2                                       (abs)        0002AD
_U1ERRIE                                      (abs)        0002B3
_U1ERRIR                                      (abs)        0002B2
_U1ERRIRbits                                  (abs)        0002B2
_U1FIFO                                       (abs)        0002B0
_U1P1H                                        (abs)        0002A6
_U1P1L                                        (abs)        0002A5
_U1P2H                                        (abs)        0002A8
_U1P2L                                        (abs)        0002A7
_U1P3H                                        (abs)        0002AA
_U1P3L                                        (abs)        0002A9
_U1RXB                                        (abs)        0002A1
_U1RXPPS                                      (abs)        000272
_U1TXB                                        (abs)        0002A3
_U1UIR                                        (abs)        0002B1
_UART1_DefaultErrorHandler                    (abs)        000000
_UART1_DefaultFramingErrorHandler             (abs)        000000
_UART1_DefaultOverrunErrorHandler             (abs)        000000
_UART1_ErrorHandler                           nvCOMRAM     000540
_UART1_FramingErrorHandler                    nvCOMRAM     000544
_UART1_Initialize                             text12       001972
_UART1_OverrunErrorHandler                    nvCOMRAM     000542
_UART1_SetErrorHandler                        text15       001CD8
_UART1_SetFramingErrorHandler                 text14       001CCE
_UART1_SetOverrunErrorHandler                 text13       001CC4
_UART1_Write                                  text10       001C66
_WPUA                                         (abs)        000401
_WPUB                                         (abs)        000409
_WPUC                                         (abs)        000411
__HRAM                                        (abs)        000000
__Habs1                                       abs1         000000
__Hbank10                                     bank10       000000
__Hbank11                                     bank11       000000
__Hbank12                                     bank12       000000
__Hbank13                                     bank13       000000
__Hbank14                                     bank14       000000
__Hbank15                                     bank15       000000
__Hbank16                                     bank16       000000
__Hbank17                                     bank17       000000
__Hbank18                                     bank18       000000
__Hbank19                                     bank19       000000
__Hbank20                                     bank20       000000
__Hbank5                                      bank5        000000
__Hbank6                                      bank6        000000
__Hbank7                                      bank7        000000
__Hbank8                                      bank8        000000
__Hbank9                                      bank9        000000
__Hbigbss                                     bigbss       000000
__Hbigdata                                    bigdata      000000
__Hbigram                                     bigram       000000
__Hbigsfr                                     bigsfr       000000
__Hbss                                        bss          000000
__HbssBANK5                                   bssBANK5     000000
__HbssCOMRAM                                  bssCOMRAM    000000
__Hcinit                                      cinit        000000
__Hclrtext                                    clrtext      000000
__Hcomram                                     comram       000000
__Hconfig                                     config       30000A
__Hconst                                      const        000000
__HcstackCOMRAM                               cstackCOMRAM 000000
__Hdata                                       data         000000
__Heeprom_data                                eeprom_data  000000
__Hfarbss                                     farbss       000000
__Hfardata                                    fardata      000000
__Hheap                                       heap         000000
__Hibigdata                                   ibigdata     000000
__Hidata                                      idata        000000
__Hidloc                                      idloc        200040
__Hifardata                                   ifardata     000000
__Hinit                                       init         00001E
__Hintsave_regs                               intsave_regs 000000
__Hirdata                                     irdata       000000
__Hivt0x8                                     ivt0x8       00001A
__Hmediumconst                                mediumconst  000000
__HnvCOMRAM                                   nvCOMRAM     000000
__HnvFARRAM                                   nvFARRAM     000000
__Hnvbit                                      nvbit        000000
__Hnvrram                                     nvrram       000000
__Hparam                                      rparam       000000
__Hpowerup                                    powerup      000000
__Hram                                        ram          000000
__Hramtop                                     ramtop       001500
__Hrbit                                       rbit         000000
__Hrbss                                       rbss         000000
__Hrdata                                      rdata        000000
__Hreset_vec                                  reset_vec    000004
__Hrparam                                     rparam       000000
__Hsfr                                        sfr          000000
__Hsmallconst                                 smallconst   001544
__Hspace_0                                    (abs)        001CFE
__Hspace_1                                    (abs)        0005A4
__Hspace_2                                    (abs)        000000
__Hspace_4                                    (abs)        60000A
__Hstack                                      stack        000000
__Hstruct                                     struct       000000
__Htemp                                       temp         000000
__Htext                                       text         000000
__Htext0                                      text0        000000
__Htext1                                      text1        000000
__Htext10                                     text10       000000
__Htext11                                     text11       000000
__Htext12                                     text12       000000
__Htext13                                     text13       000000
__Htext14                                     text14       000000
__Htext15                                     text15       000000
__Htext16                                     text16       000000
__Htext17                                     text17       000000
__Htext18                                     text18       000000
__Htext19                                     text19       000000
__Htext2                                      text2        000000
__Htext20                                     text20       000000
__Htext21                                     text21       000000
__Htext22                                     text22       000000
__Htext23                                     text23       000000
__Htext24                                     text24       000000
__Htext25                                     text25       000000
__Htext26                                     text26       000000
__Htext27                                     text27       000000
__Htext28                                     text28       000000
__Htext29                                     text29       000000
__Htext3                                      text3        000000
__Htext30                                     text30       000000
__Htext4                                      text4        000000
__Htext5                                      text5        000000
__Htext6                                      text6        000000
__Htext7                                      text7        000000
__Htext8                                      text8        000000
__Htext9                                      text9        000000
__LRAM                                        (abs)        000001
__Labs1                                       abs1         000000
__Lbank10                                     bank10       000000
__Lbank11                                     bank11       000000
__Lbank12                                     bank12       000000
__Lbank13                                     bank13       000000
__Lbank14                                     bank14       000000
__Lbank15                                     bank15       000000
__Lbank16                                     bank16       000000
__Lbank17                                     bank17       000000
__Lbank18                                     bank18       000000
__Lbank19                                     bank19       000000
__Lbank20                                     bank20       000000
__Lbank5                                      bank5        000000
__Lbank6                                      bank6        000000
__Lbank7                                      bank7        000000
__Lbank8                                      bank8        000000
__Lbank9                                      bank9        000000
__Lbigbss                                     bigbss       000000
__Lbigdata                                    bigdata      000000
__Lbigram                                     bigram       000000
__Lbigsfr                                     bigsfr       000000
__Lbss                                        bss          000000
__LbssBANK5                                   bssBANK5     000000
__LbssCOMRAM                                  bssCOMRAM    000000
__Lcinit                                      cinit        000000
__Lclrtext                                    clrtext      000000
__Lcomram                                     comram       000000
__Lconfig                                     config       000000
__Lconst                                      const        000000
__LcstackCOMRAM                               cstackCOMRAM 000000
__Ldata                                       data         000000
__Leeprom_data                                eeprom_data  000000
__Lfarbss                                     farbss       000000
__Lfardata                                    fardata      000000
__Lheap                                       heap         000000
__Libigdata                                   ibigdata     000000
__Lidata                                      idata        000000
__Lidloc                                      idloc        000000
__Lifardata                                   ifardata     000000
__Linit                                       init         00001A
__Lintsave_regs                               intsave_regs 000000
__Lirdata                                     irdata       000000
__Livt0x8                                     ivt0x8       000008
__Lmediumconst                                mediumconst  000000
__LnvCOMRAM                                   nvCOMRAM     000000
__LnvFARRAM                                   nvFARRAM     000000
__Lnvbit                                      nvbit        000000
__Lnvrram                                     nvrram       000000
__Lparam                                      rparam       000000
__Lpowerup                                    powerup      000000
__Lram                                        ram          000000
__Lramtop                                     ramtop       001500
__Lrbit                                       rbit         000000
__Lrbss                                       rbss         000000
__Lrdata                                      rdata        000000
__Lreset_vec                                  reset_vec    000000
__Lrparam                                     rparam       000000
__Lsfr                                        sfr          000000
__Lsmallconst                                 smallconst   001500
__Lspace_0                                    (abs)        000000
__Lspace_1                                    (abs)        000000
__Lspace_2                                    (abs)        000000
__Lspace_4                                    (abs)        000000
__Lstack                                      stack        000000
__Lstruct                                     struct       000000
__Ltemp                                       temp         000000
__Ltext                                       text         000000
__Ltext0                                      text0        000000
__Ltext1                                      text1        000000
__Ltext10                                     text10       000000
__Ltext11                                     text11       000000
__Ltext12                                     text12       000000
__Ltext13                                     text13       000000
__Ltext14                                     text14       000000
__Ltext15                                     text15       000000
__Ltext16                                     text16       000000
__Ltext17                                     text17       000000
__Ltext18                                     text18       000000
__Ltext19                                     text19       000000
__Ltext2                                      text2        000000
__Ltext20                                     text20       000000
__Ltext21                                     text21       000000
__Ltext22                                     text22       000000
__Ltext23                                     text23       000000
__Ltext24                                     text24       000000
__Ltext25                                     text25       000000
__Ltext26                                     text26       000000
__Ltext27                                     text27       000000
__Ltext28                                     text28       000000
__Ltext29                                     text29       000000
__Ltext3                                      text3        000000
__Ltext30                                     text30       000000
__Ltext4                                      text4        000000
__Ltext5                                      text5        000000
__Ltext6                                      text6        000000
__Ltext7                                      text7        000000
__Ltext8                                      text8        000000
__Ltext9                                      text9        000000
__S0                                          (abs)        001CFE
__S1                                          (abs)        0005A4
__S4                                          (abs)        000000
__S5                                          (abs)        000000
___heap_hi                                    (abs)        000000
___heap_lo                                    (abs)        000000
___inthi_sp                                   stack        000000
___intlo_sp                                   stack        000000
___param_bank                                 (abs)        000000
___rparam_used                                (abs)        000001
___sp                                         stack        000000
__accesstop                                   (abs)        000560
__activetblptr                                (abs)        000003
__end_of_I2C1_Initialize                      text21       001BEE
__end_of_INTERRUPT_Initialize                 text20       001CFC
__end_of_INTERRUPT_InterruptManager           text22       001972
__end_of_IOCCF7_DefaultInterruptHandler       text25       001CFE
__end_of_IOCCF7_ISR                           text24       001B9A
__end_of_IOCCF7_SetInterruptHandler           text18       001CEC
__end_of_OSCILLATOR_Initialize                text19       001C4C
__end_of_PIN_MANAGER_IOC                      text23       001CAC
__end_of_PIN_MANAGER_Initialize               text17       001908
__end_of_PMD_Initialize                       text16       001C30
__end_of_SYSTEM_Initialize                    text11       001C66
__end_of_UART1_Initialize                     text12       0019DA
__end_of_UART1_SetErrorHandler                text15       001CE2
__end_of_UART1_SetFramingErrorHandler         text14       001CD8
__end_of_UART1_SetOverrunErrorHandler         text13       001CCE
__end_of_UART1_Write                          text10       001C7E
__end_of__initialization                      cinit        001BC0
__end_of_fputc                                text8        001886
__end_of_i2c1_fsmStateTable                   smallconst   001527
__end_of_main                                 text0        0016E4
__end_of_printf                               text5        001C14
__end_of_putch                                text9        001CC4
__end_of_sleep_enter                          text4        001CF8
__end_of_sleep_setup                          text3        001CF2
__end_of_strlen                               text2        001B2A
__end_of_uart_btn_msg                         text26       001CBA
__end_of_uart_send_string                     text1        001A94
__end_of_vfpfcnvrt                            text7        0017F0
__end_of_vfprintf                             text6        001A3E
__end_ofi2_UART1_Write                        text29       001C96
__end_ofi2_strlen                             text28       001B6A
__end_ofi2_uart_send_string                   text27       001AEA
__initialization                              cinit        001B9A
__mediumconst                                 mediumconst  000000
__pbssBANK5                                   bssBANK5     000560
__pbssCOMRAM                                  bssCOMRAM    000535
__pcinit                                      cinit        001B9A
__pcstackCOMRAM                               cstackCOMRAM 000501
__pivt0x8                                     ivt0x8       000008
__pnvCOMRAM                                   nvCOMRAM     00053E
__psmallconst                                 smallconst   001500
__ptext0                                      text0        001544
__ptext1                                      text1        001A3E
__ptext10                                     text10       001C66
__ptext11                                     text11       001C4C
__ptext12                                     text12       001972
__ptext13                                     text13       001CC4
__ptext14                                     text14       001CCE
__ptext15                                     text15       001CD8
__ptext16                                     text16       001C14
__ptext17                                     text17       001886
__ptext18                                     text18       001CE2
__ptext19                                     text19       001C30
__ptext2                                      text2        001AEA
__ptext20                                     text20       001CF8
__ptext21                                     text21       001BC6
__ptext22                                     text22       001908
__ptext23                                     text23       001C96
__ptext24                                     text24       001B6A
__ptext25                                     text25       001CFC
__ptext26                                     text26       001CAC
__ptext27                                     text27       001A94
__ptext28                                     text28       001B2A
__ptext29                                     text29       001C7E
__ptext3                                      text3        001CEC
__ptext30                                     text30       000000
__ptext4                                      text4        001CF2
__ptext5                                      text5        001BEE
__ptext6                                      text6        0019DA
__ptext7                                      text7        0016E4
__ptext8                                      text8        0017F0
__ptext9                                      text9        001CBA
__ramtop                                      ramtop       001500
__smallconst                                  smallconst   001500
_flags                                        bssCOMRAM    00053B
_fputc                                        text8        0017F0
_i2c1_fsmStateTable                           smallconst   001501
_main                                         text0        001544
_nout                                         bssCOMRAM    000535
_prec                                         bssCOMRAM    000539
_printf                                       text5        001BEE
_putch                                        text9        001CBA
_rd1RegCompleteHandler                        (abs)        000000
_rd2RegCompleteHandler                        (abs)        000000
_rdBlkRegCompleteHandler                      (abs)        000000
_sleep_enter                                  text4        001CF2
_sleep_setup                                  text3        001CEC
_strlen                                       text2        001AEA
_uart1RxLastError                             bssCOMRAM    00053D
_uart_btn_msg                                 text26       001CAC
_uart_send_string                             text1        001A3E
_vfpfcnvrt                                    text7        0016E4
_vfprintf                                     text6        0019DA
_width                                        bssCOMRAM    000537
_wr1RegCompleteHandler                        (abs)        000000
_wr2RegCompleteHandler                        (abs)        000000
end_of_initialization                         cinit        001BC0
fputc@c                                       cstackCOMRAM 000513
fputc@fp                                      cstackCOMRAM 000515
i2UART1_Write@txData                          cstackCOMRAM 000501
i2_UART1_Write                                text29       001C7E
i2_strlen                                     text28       001B2A
i2_uart_send_string                           text27       001A94
i2strlen@a                                    cstackCOMRAM 000503
i2strlen@s                                    cstackCOMRAM 000501
i2uart_send_string@i                          cstackCOMRAM 000509
i2uart_send_string@msg                        cstackCOMRAM 000505
intlevel0                                     text         000000
intlevel1                                     text         000000
intlevel2                                     text         000000
intlevel3                                     text         000000
isa$std                                       (abs)        000001
isa$xinst                                     (abs)        000000
ivt0x8_base                                   ivt0x8       000008
main@i                                        cstackCOMRAM 000530
main@pressed                                  cstackCOMRAM 000534
main@sleep_btn_pressed                        cstackCOMRAM 000533
main@sleep_en                                 cstackCOMRAM 000532
printf@ap                                     cstackCOMRAM 00052C
printf@fmt                                    cstackCOMRAM 00052A
putch@txData                                  cstackCOMRAM 000512
stackhi                                       (abs)        000000
stacklo                                       (abs)        000000
start                                         init         00001A
start_initialization                          cinit        001B9A
strlen@a                                      cstackCOMRAM 000513
strlen@s                                      cstackCOMRAM 000511
uart_send_string@i                            cstackCOMRAM 000519
uart_send_string@msg                          cstackCOMRAM 000515
vfpfcnvrt@ap                                  cstackCOMRAM 000520
vfpfcnvrt@fmt                                 cstackCOMRAM 00051E
vfpfcnvrt@fp                                  cstackCOMRAM 00051C
vfprintf@ap                                   cstackCOMRAM 000526
vfprintf@cfmt                                 cstackCOMRAM 000528
vfprintf@fmt                                  cstackCOMRAM 000524
vfprintf@fp                                   cstackCOMRAM 000522


MODULE INFORMATION

Module		Function		Class		Link	Load	Size
sleep.c
		_sleep_enter   		CODE           	1CF2	0000	6
		_sleep_setup   		CODE           	1CEC	0000	6

sleep.c estimated size: 12

mcc_generated_files/i2c1_master.c
		_I2C1_Initialize		CODE           	1BC6	0000	40

mcc_generated_files/i2c1_master.c estimated size: 40

mcc_generated_files/interrupt_manager.c
		_INTERRUPT_Initialize		CODE           	1CF8	0000	4
		_INTERRUPT_InterruptManager		CODE           	1908	0000	106

mcc_generated_files/interrupt_manager.c estimated size: 110

C:\Program Files\Microchip\xc8\v2.35\pic\sources\c99\common\nf_fputc.c
		_fputc         		CODE           	17F0	0000	150

C:\Program Files\Microchip\xc8\v2.35\pic\sources\c99\common\nf_fputc.c estimated size: 150

mcc_generated_files/pin_manager.c
		_PIN_MANAGER_Initialize		CODE           	1886	0000	130
		_IOCCF7_DefaultInterruptHandler		CODE           	1CFC	0000	2
		_IOCCF7_ISR    		CODE           	1B6A	0000	48
		_PIN_MANAGER_IOC		CODE           	1C96	0000	22
		_IOCCF7_SetInterruptHandler		CODE           	1CE2	0000	10

mcc_generated_files/pin_manager.c estimated size: 212

C:\Program Files\Microchip\xc8\v2.35\pic\sources\c99\common\printf.c
		_printf        		CODE           	1BEE	0000	38

C:\Program Files\Microchip\xc8\v2.35\pic\sources\c99\common\printf.c estimated size: 38

mcc_generated_files/uart1.c
		_UART1_Write   		CODE           	1C66	0000	24
		_putch         		CODE           	1CBA	0000	10
		_UART1_SetFramingErrorHandler		CODE           	1CCE	0000	10
		_UART1_SetOverrunErrorHandler		CODE           	1CC4	0000	10
		_UART1_Initialize		CODE           	1972	0000	104
		_UART1_SetErrorHandler		CODE           	1CD8	0000	10

mcc_generated_files/uart1.c estimated size: 168

shared
		__initialization		CODE           	1B9A	0000	38
		i2_uart_send_string		CODE           	1A94	0000	86
		_i2c1_fsmStateTable		SMALLCONST     	1501	0000	38
		i2_UART1_Write 		CODE           	1C7E	0000	24
		i2_strlen      		CODE           	1B2A	0000	64

shared estimated size: 250

mcc_generated_files/mcc.c
		_PMD_Initialize		CODE           	1C14	0000	28
		_OSCILLATOR_Initialize		CODE           	1C30	0000	28
		_SYSTEM_Initialize		CODE           	1C4C	0000	26

mcc_generated_files/mcc.c estimated size: 82

C:\Program Files\Microchip\xc8\v2.35\pic\sources\c99\common\strlen.c
		_strlen        		CODE           	1AEA	0000	64

C:\Program Files\Microchip\xc8\v2.35\pic\sources\c99\common\strlen.c estimated size: 64

main.c
		_main          		CODE           	1544	0000	416

main.c estimated size: 416

comm_uart.c
		_uart_btn_msg  		CODE           	1CAC	0000	14
		_uart_send_string		CODE           	1A3E	0000	86

comm_uart.c estimated size: 100

C:\Program Files\Microchip\xc8\v2.35\pic\sources\c99\common\doprnt.c
		_vfpfcnvrt     		CODE           	16E4	0000	268
		_vfprintf      		CODE           	19DA	0000	100

C:\Program Files\Microchip\xc8\v2.35\pic\sources\c99\common\doprnt.c estimated size: 368

